﻿≡ƒº¬ Starting End-to-End Test...
≡ƒô¥ Setting up test data...
prisma:error SASL: SCRAM-SERVER-FIRST-MESSAGE: client password must be a string
node.exe : Error: SASL: SCRAM-SERVER-FIRST-MESSAGE: client password must be a string
At line:1 char:1
+ & "C:\Program Files\nodejs/node.exe" "C:\Users\sarwa\AppData\Roaming\ ...
+ ~~~~~~~~~~~~~~~~~~~~~~~~~~~~~~~~~~~~~~~~~~~~~~~~~~~~~~~~~~~~~~~~~~~~~
    + CategoryInfo          : NotSpecified: (Error: SASL: SC...ust be a string:String) [], RemoteException
    + FullyQualifiedErrorId : NativeCommandError
 
    at C:\Users\sarwa\scheduling-platform\node_modules\pg-pool\index.js:45:11
    at process.processTicksAndRejections (node:internal/process/task_queues:103:5)
    at async PrismaPgAdapter.performIO (C:\Users\sarwa\scheduling-platform\node_modules\@prisma\adapter-pg\dist\index.js:652:22)
    at async PrismaPgAdapter.queryRaw (C:\Users\sarwa\scheduling-platform\node_modules\@prisma\adapter-pg\dist\index.js:602:30)
    at async <anonymous> (C:\Users\sarwa\scheduling-platform\node_modules\@prisma\client-engine-runtime\src\tracing.ts:68:22)
    at async fr (C:\Users\sarwa\scheduling-platform\node_modules\@prisma\client-engine-runtime\src\tracing.ts:56:10)
    at async e.interpretNode (C:\Users\sarwa\scheduling-platform\node_modules\@prisma\client-engine-runtime\src\interpreter\query-interpreter.ts:190:26)
    at async e.interpretNode (C:\Users\sarwa\scheduling-platform\node_modules\@prisma\client-engine-runtime\src\interpreter\query-interpreter.ts:217:41)
    at async e.interpretNode (C:\Users\sarwa\scheduling-platform\node_modules\@prisma\client-engine-runtime\src\interpreter\query-interpreter.ts:276:41)
    at async e.run (C:\Users\sarwa\scheduling-platform\node_modules\@prisma\client-engine-runtime\src\interpreter\query-interpreter.ts:96:23) {
  clientVersion: '7.2.0'
}
